// Jest Snapshot v1, https://goo.gl/fbAQLP

exports[`Team Component renders with the correct structure 1`] = `
<View
  style={
    {
      "backgroundColor": "white",
      "flex": 1,
      "position": "relative",
    }
  }
>
  <View
    style={
      {
        "alignItems": "center",
        "flex": 1,
        "justifyContent": "center",
        "padding": 20,
      }
    }
  >
    <Text
      style={
        {
          "color": "#686D76",
          "fontSize": 24,
          "fontWeight": "bold",
          "marginBottom": 10,
        }
      }
    >
      My Team
    </Text>
    <Text
      style={
        {
          "color": "#686D76",
          "fontSize": 16,
          "textAlign": "center",
        }
      }
    >
      Your captured Pokemon will appear here
    </Text>
  </View>
  <View
    style={
      {
        "bottom": 0,
        "left": 0,
        "position": "absolute",
        "right": 0,
      }
    }
  />
</View>
`;
